{
  "version": "1.5.0",
  "plugins_used": [
    {
      "name": "ArtifactoryDetector"
    },
    {
      "name": "AWSKeyDetector"
    },
    {
      "name": "AzureStorageKeyDetector"
    },
    {
      "name": "Base64HighEntropyString",
      "limit": 4.5
    },
    {
      "name": "BasicAuthDetector"
    },
    {
      "name": "CloudantDetector"
    },
    {
      "name": "DiscordBotTokenDetector"
    },
    {
      "name": "GitHubTokenDetector"
    },
    {
      "name": "GitLabTokenDetector"
    },
    {
      "name": "HexHighEntropyString",
      "limit": 3.0
    },
    {
      "name": "IbmCloudIamDetector"
    },
    {
      "name": "IbmCosHmacDetector"
    },
    {
      "name": "IPPublicDetector"
    },
    {
      "name": "JwtTokenDetector"
    },
    {
      "name": "KeywordDetector",
      "keyword_exclude": ""
    },
    {
      "name": "MailchimpDetector"
    },
    {
      "name": "NpmDetector"
    },
    {
      "name": "OpenAIDetector"
    },
    {
      "name": "PrivateKeyDetector"
    },
    {
      "name": "PypiTokenDetector"
    },
    {
      "name": "SendGridDetector"
    },
    {
      "name": "SlackDetector"
    },
    {
      "name": "SoftlayerDetector"
    },
    {
      "name": "SquareOAuthDetector"
    },
    {
      "name": "StripeDetector"
    },
    {
      "name": "TelegramBotTokenDetector"
    },
    {
      "name": "TwilioKeyDetector"
    }
  ],
  "filters_used": [
    {
      "path": "detect_secrets.filters.allowlist.is_line_allowlisted"
    },
    {
      "path": "detect_secrets.filters.common.is_ignored_due_to_verification_policies",
      "min_level": 2
    },
    {
      "path": "detect_secrets.filters.heuristic.is_indirect_reference"
    },
    {
      "path": "detect_secrets.filters.heuristic.is_likely_id_string"
    },
    {
      "path": "detect_secrets.filters.heuristic.is_lock_file"
    },
    {
      "path": "detect_secrets.filters.heuristic.is_not_alphanumeric_string"
    },
    {
      "path": "detect_secrets.filters.heuristic.is_potential_uuid"
    },
    {
      "path": "detect_secrets.filters.heuristic.is_prefixed_with_dollar_sign"
    },
    {
      "path": "detect_secrets.filters.heuristic.is_sequential_string"
    },
    {
      "path": "detect_secrets.filters.heuristic.is_swagger_file"
    },
    {
      "path": "detect_secrets.filters.heuristic.is_templated_secret"
    }
  ],
  "results": {
    "Makefile": [
      {
        "type": "Secret Keyword",
        "filename": "Makefile",
        "hashed_secret": "44bb946543283c4cd276f35c1455cb23ed92d16f",
        "is_verified": false,
        "line_number": 26
      }
    ],
    "alembic.ini": [
      {
        "type": "Basic Auth Credentials",
        "filename": "alembic.ini",
        "hashed_secret": "9d4e1e23bd5b727046a9e3b4b7db57bd8d6ee684",
        "is_verified": false,
        "line_number": 65
      }
    ],
    "archive/broken_implementations/editorial_scripts_ultimate/README.md": [
      {
        "type": "Secret Keyword",
        "filename": "archive/broken_implementations/editorial_scripts_ultimate/README.md",
        "hashed_secret": "5f29ff10dff2fbf10389bfd58a59bffcc179bb46",
        "is_verified": false,
        "line_number": 37
      }
    ],
    "archive/claude_mess_20250819/mor_post_verification.html": [
      {
        "type": "Base64 High Entropy String",
        "filename": "archive/claude_mess_20250819/mor_post_verification.html",
        "hashed_secret": "37ed2602b5b36b9b25c25730d894276e4297022b",
        "is_verified": false,
        "line_number": 978
      },
      {
        "type": "Base64 High Entropy String",
        "filename": "archive/claude_mess_20250819/mor_post_verification.html",
        "hashed_secret": "3b6bbd64e1afa397c57faf27b78f7103d65af8fe",
        "is_verified": false,
        "line_number": 1535
      },
      {
        "type": "Base64 High Entropy String",
        "filename": "archive/claude_mess_20250819/mor_post_verification.html",
        "hashed_secret": "6b69f86e9b521ecdd58f54178f6c80e2f0b3b104",
        "is_verified": false,
        "line_number": 1759
      },
      {
        "type": "Base64 High Entropy String",
        "filename": "archive/claude_mess_20250819/mor_post_verification.html",
        "hashed_secret": "dfd35aaa4596f5a272bfec8cb07faab5a9f5519a",
        "is_verified": false,
        "line_number": 1793
      },
      {
        "type": "Secret Keyword",
        "filename": "archive/claude_mess_20250819/mor_post_verification.html",
        "hashed_secret": "25d573370f52f3d8811cdcd67fe1cea8c92b58b0",
        "is_verified": false,
        "line_number": 1812
      },
      {
        "type": "Secret Keyword",
        "filename": "archive/claude_mess_20250819/mor_post_verification.html",
        "hashed_secret": "07dd2d97bd2af9274c1d957b4cb29c77f7941643",
        "is_verified": false,
        "line_number": 1832
      },
      {
        "type": "Base64 High Entropy String",
        "filename": "archive/claude_mess_20250819/mor_post_verification.html",
        "hashed_secret": "239859ef02eba4f9a766f1b971c60110b9d36e74",
        "is_verified": false,
        "line_number": 1837
      },
      {
        "type": "Base64 High Entropy String",
        "filename": "archive/claude_mess_20250819/mor_post_verification.html",
        "hashed_secret": "4f7972ba129d76ef8aad139a916ce2b485108168",
        "is_verified": false,
        "line_number": 1838
      },
      {
        "type": "Base64 High Entropy String",
        "filename": "archive/claude_mess_20250819/mor_post_verification.html",
        "hashed_secret": "68b5b75d329d56327d45f61546a44c3fe90ca360",
        "is_verified": false,
        "line_number": 1839
      },
      {
        "type": "Base64 High Entropy String",
        "filename": "archive/claude_mess_20250819/mor_post_verification.html",
        "hashed_secret": "b5146166f1e124c0be0f46f7c10ddaa7000d6727",
        "is_verified": false,
        "line_number": 1928
      },
      {
        "type": "Base64 High Entropy String",
        "filename": "archive/claude_mess_20250819/mor_post_verification.html",
        "hashed_secret": "af12f324ba384e57b11c9d149f3658c54e74040d",
        "is_verified": false,
        "line_number": 1935
      },
      {
        "type": "Base64 High Entropy String",
        "filename": "archive/claude_mess_20250819/mor_post_verification.html",
        "hashed_secret": "6ea0a6666cc11f7a232a141a86d08f12c71e5437",
        "is_verified": false,
        "line_number": 1936
      },
      {
        "type": "Base64 High Entropy String",
        "filename": "archive/claude_mess_20250819/mor_post_verification.html",
        "hashed_secret": "d5c034295d134197b77219f0a1de380aa4a44e11",
        "is_verified": false,
        "line_number": 2174
      },
      {
        "type": "Base64 High Entropy String",
        "filename": "archive/claude_mess_20250819/mor_post_verification.html",
        "hashed_secret": "298f4a7ab8b32d67a33c60de95c192b10c5ba24f",
        "is_verified": false,
        "line_number": 2230
      },
      {
        "type": "Base64 High Entropy String",
        "filename": "archive/claude_mess_20250819/mor_post_verification.html",
        "hashed_secret": "251a0abe23dfdb0678a6789afa03779ee04e6436",
        "is_verified": false,
        "line_number": 2236
      },
      {
        "type": "Secret Keyword",
        "filename": "archive/claude_mess_20250819/mor_post_verification.html",
        "hashed_secret": "ba652ce5ade755dc92b47bcc97e2037e69e2b8a8",
        "is_verified": false,
        "line_number": 2238
      },
      {
        "type": "Base64 High Entropy String",
        "filename": "archive/claude_mess_20250819/mor_post_verification.html",
        "hashed_secret": "4be3845647e34560bcbbba10d8434450ee97bafa",
        "is_verified": false,
        "line_number": 2241
      },
      {
        "type": "Secret Keyword",
        "filename": "archive/claude_mess_20250819/mor_post_verification.html",
        "hashed_secret": "112bb791304791ddcf692e29fd5cf149b35fea37",
        "is_verified": false,
        "line_number": 2256
      },
      {
        "type": "Secret Keyword",
        "filename": "archive/claude_mess_20250819/mor_post_verification.html",
        "hashed_secret": "ff183b273f52e8a2ff1b4799aed164ff04929eb4",
        "is_verified": false,
        "line_number": 2262
      }
    ],
    "archive/data_snapshots/mf_orcid_results_20250915_180325.json": [
      {
        "type": "Hex High Entropy String",
        "filename": "archive/data_snapshots/mf_orcid_results_20250915_180325.json",
        "hashed_secret": "15b0eab993cfe57c15182ef00f84633dd8720376",
        "is_verified": false,
        "line_number": 584
      },
      {
        "type": "Hex High Entropy String",
        "filename": "archive/data_snapshots/mf_orcid_results_20250915_180325.json",
        "hashed_secret": "ba79d2b7f37cbfb344ba700206d87bfac4aebafc",
        "is_verified": false,
        "line_number": 636
      },
      {
        "type": "Hex High Entropy String",
        "filename": "archive/data_snapshots/mf_orcid_results_20250915_180325.json",
        "hashed_secret": "5c2ebd7898438fe37347c1a7300a3d7255d9af63",
        "is_verified": false,
        "line_number": 1619
      },
      {
        "type": "Hex High Entropy String",
        "filename": "archive/data_snapshots/mf_orcid_results_20250915_180325.json",
        "hashed_secret": "3cd2e5fff2e124453b21f80077eed342c28bc422",
        "is_verified": false,
        "line_number": 1774
      },
      {
        "type": "Hex High Entropy String",
        "filename": "archive/data_snapshots/mf_orcid_results_20250915_180325.json",
        "hashed_secret": "eb641cf8e112bf62d8c71823d485f3a81c27c9e2",
        "is_verified": false,
        "line_number": 1809
      },
      {
        "type": "Hex High Entropy String",
        "filename": "archive/data_snapshots/mf_orcid_results_20250915_180325.json",
        "hashed_secret": "33988e530667d04c60e5079cfce7cafbd9fffa30",
        "is_verified": false,
        "line_number": 1844
      },
      {
        "type": "Hex High Entropy String",
        "filename": "archive/data_snapshots/mf_orcid_results_20250915_180325.json",
        "hashed_secret": "d47640919f8b56c78f33905accdd76b9236230ef",
        "is_verified": false,
        "line_number": 1930
      },
      {
        "type": "Hex High Entropy String",
        "filename": "archive/data_snapshots/mf_orcid_results_20250915_180325.json",
        "hashed_secret": "9a8a81a5ec8050fe000915ac91a2a8f8b9f50236",
        "is_verified": false,
        "line_number": 3001
      },
      {
        "type": "Hex High Entropy String",
        "filename": "archive/data_snapshots/mf_orcid_results_20250915_180325.json",
        "hashed_secret": "0b6d07b9cc833d583570e6711aea2a554ca9406c",
        "is_verified": false,
        "line_number": 3036
      },
      {
        "type": "Hex High Entropy String",
        "filename": "archive/data_snapshots/mf_orcid_results_20250915_180325.json",
        "hashed_secret": "7d09ed9363f967b0244dc4d57ece9364ee2ebcfd",
        "is_verified": false,
        "line_number": 3071
      },
      {
        "type": "Hex High Entropy String",
        "filename": "archive/data_snapshots/mf_orcid_results_20250915_180325.json",
        "hashed_secret": "d4089aecc4fcf129279d7bf8b6c49842fd119c54",
        "is_verified": false,
        "line_number": 3089
      },
      {
        "type": "Hex High Entropy String",
        "filename": "archive/data_snapshots/mf_orcid_results_20250915_180325.json",
        "hashed_secret": "cf97fa07490021b475c1b076413473087b72f01b",
        "is_verified": false,
        "line_number": 3124
      },
      {
        "type": "Hex High Entropy String",
        "filename": "archive/data_snapshots/mf_orcid_results_20250915_180325.json",
        "hashed_secret": "d3a093a651dacdfad608c72c29e86b689cd6b0ac",
        "is_verified": false,
        "line_number": 3159
      },
      {
        "type": "Hex High Entropy String",
        "filename": "archive/data_snapshots/mf_orcid_results_20250915_180325.json",
        "hashed_secret": "3669aa3ba4165cd878a557fb4f25530e53285873",
        "is_verified": false,
        "line_number": 3194
      },
      {
        "type": "Hex High Entropy String",
        "filename": "archive/data_snapshots/mf_orcid_results_20250915_180325.json",
        "hashed_secret": "fe2128e86efb1bb0ac506ede291447dd31e6807c",
        "is_verified": false,
        "line_number": 3229
      },
      {
        "type": "Hex High Entropy String",
        "filename": "archive/data_snapshots/mf_orcid_results_20250915_180325.json",
        "hashed_secret": "8f137b4d7d6286b14c2035a360f148cf03d2c0b2",
        "is_verified": false,
        "line_number": 3264
      },
      {
        "type": "Hex High Entropy String",
        "filename": "archive/data_snapshots/mf_orcid_results_20250915_180325.json",
        "hashed_secret": "749a6c9fd0ea9e6a926ffc4a4ef27f4455f1dfd9",
        "is_verified": false,
        "line_number": 3334
      },
      {
        "type": "Hex High Entropy String",
        "filename": "archive/data_snapshots/mf_orcid_results_20250915_180325.json",
        "hashed_secret": "69c667318aba299362d91a23b2979b64d4bfc57e",
        "is_verified": false,
        "line_number": 3369
      },
      {
        "type": "Hex High Entropy String",
        "filename": "archive/data_snapshots/mf_orcid_results_20250915_180325.json",
        "hashed_secret": "7af41529ff59679182a4ced12c06d11080018f58",
        "is_verified": false,
        "line_number": 3404
      },
      {
        "type": "Hex High Entropy String",
        "filename": "archive/data_snapshots/mf_orcid_results_20250915_180325.json",
        "hashed_secret": "10deb3c78fc3bef4f0425336b258db46384110ad",
        "is_verified": false,
        "line_number": 3507
      }
    ],
    "archive/docs_backup_20250726_172208/PROJECT_SPECIFICATIONS.md": [
      {
        "type": "Basic Auth Credentials",
        "filename": "archive/docs_backup_20250726_172208/PROJECT_SPECIFICATIONS.md",
        "hashed_secret": "9d4e1e23bd5b727046a9e3b4b7db57bd8d6ee684",
        "is_verified": false,
        "line_number": 408
      }
    ],
    "archive/docs_backup_20250726_172208/README_FOR_NEXT_SESSION.md": [
      {
        "type": "Secret Keyword",
        "filename": "archive/docs_backup_20250726_172208/README_FOR_NEXT_SESSION.md",
        "hashed_secret": "dd2310b640d02063777fe2d906a6d8ce03c50b53",
        "is_verified": false,
        "line_number": 42
      }
    ],
    "archive/docs_backup_20250726_172208/REFEREE_ANALYTICS_SUMMARY.md": [
      {
        "type": "Secret Keyword",
        "filename": "archive/docs_backup_20250726_172208/REFEREE_ANALYTICS_SUMMARY.md",
        "hashed_secret": "564e340cd48437d2dfe876ee154cc99dc4d0d137",
        "is_verified": false,
        "line_number": 104
      }
    ],
    "archive/docs_backup_20250726_172208/archives/AUTOMATION_SETUP.md": [
      {
        "type": "Secret Keyword",
        "filename": "archive/docs_backup_20250726_172208/archives/AUTOMATION_SETUP.md",
        "hashed_secret": "564e340cd48437d2dfe876ee154cc99dc4d0d137",
        "is_verified": false,
        "line_number": 31
      }
    ],
    "archive/docs_backup_20250726_172208/archives/COMPREHENSIVE_AUDIT_JULY_14_2025.md": [
      {
        "type": "Secret Keyword",
        "filename": "archive/docs_backup_20250726_172208/archives/COMPREHENSIVE_AUDIT_JULY_14_2025.md",
        "hashed_secret": "7a39610968ab6e6e3eedfaf02e526e61df0d1adb",
        "is_verified": false,
        "line_number": 159
      }
    ],
    "archive/docs_backup_20250726_172208/archives/FINAL_IMPLEMENTATION_COMPLETE.md": [
      {
        "type": "Secret Keyword",
        "filename": "archive/docs_backup_20250726_172208/archives/FINAL_IMPLEMENTATION_COMPLETE.md",
        "hashed_secret": "564e340cd48437d2dfe876ee154cc99dc4d0d137",
        "is_verified": false,
        "line_number": 117
      }
    ],
    "archive/docs_backup_20250726_172208/archives/README_OLD.md": [
      {
        "type": "Secret Keyword",
        "filename": "archive/docs_backup_20250726_172208/archives/README_OLD.md",
        "hashed_secret": "564e340cd48437d2dfe876ee154cc99dc4d0d137",
        "is_verified": false,
        "line_number": 16
      }
    ],
    "archive/docs_backup_20250726_172208/archives/REORGANIZATION_COMPLETE.md": [
      {
        "type": "Secret Keyword",
        "filename": "archive/docs_backup_20250726_172208/archives/REORGANIZATION_COMPLETE.md",
        "hashed_secret": "564e340cd48437d2dfe876ee154cc99dc4d0d137",
        "is_verified": false,
        "line_number": 90
      }
    ],
    "archive/docs_backup_20250726_172208/archives/SESSION_HANDOFF_JULY_14.md": [
      {
        "type": "Secret Keyword",
        "filename": "archive/docs_backup_20250726_172208/archives/SESSION_HANDOFF_JULY_14.md",
        "hashed_secret": "dd2310b640d02063777fe2d906a6d8ce03c50b53",
        "is_verified": false,
        "line_number": 102
      }
    ],
    "archive/docs_backup_20250726_172208/guides/SETUP_GUIDE.md": [
      {
        "type": "Basic Auth Credentials",
        "filename": "archive/docs_backup_20250726_172208/guides/SETUP_GUIDE.md",
        "hashed_secret": "5baa61e4c9b93f3f0682250b6cf8331b7ee68fd8",
        "is_verified": false,
        "line_number": 61
      }
    ],
    "archive/docs_backup_20250726_172208/reports/COMPLETE_EXTRACTOR_STATUS.md": [
      {
        "type": "Secret Keyword",
        "filename": "archive/docs_backup_20250726_172208/reports/COMPLETE_EXTRACTOR_STATUS.md",
        "hashed_secret": "564e340cd48437d2dfe876ee154cc99dc4d0d137",
        "is_verified": false,
        "line_number": 45
      }
    ],
    "archive/docs_backup_20250726_172208/reports/SYSTEM_FIXED_STATUS.md": [
      {
        "type": "Secret Keyword",
        "filename": "archive/docs_backup_20250726_172208/reports/SYSTEM_FIXED_STATUS.md",
        "hashed_secret": "dd2310b640d02063777fe2d906a6d8ce03c50b53",
        "is_verified": false,
        "line_number": 55
      },
      {
        "type": "Secret Keyword",
        "filename": "archive/docs_backup_20250726_172208/reports/SYSTEM_FIXED_STATUS.md",
        "hashed_secret": "564e340cd48437d2dfe876ee154cc99dc4d0d137",
        "is_verified": false,
        "line_number": 74
      }
    ],
    "archive/docs_backup_20250726_172208/reports/historical/FIXES_IMPLEMENTED_SUMMARY.md": [
      {
        "type": "Secret Keyword",
        "filename": "archive/docs_backup_20250726_172208/reports/historical/FIXES_IMPLEMENTED_SUMMARY.md",
        "hashed_secret": "564e340cd48437d2dfe876ee154cc99dc4d0d137",
        "is_verified": false,
        "line_number": 98
      }
    ],
    "archive/docs_backup_20250726_172208/reports/latest/ULTIMATE_SYSTEM_TEST_REPORT.md": [
      {
        "type": "Secret Keyword",
        "filename": "archive/docs_backup_20250726_172208/reports/latest/ULTIMATE_SYSTEM_TEST_REPORT.md",
        "hashed_secret": "dd2310b640d02063777fe2d906a6d8ce03c50b53",
        "is_verified": false,
        "line_number": 80
      }
    ],
    "archive/docs_backup_20250726_172244/PROJECT_SPECIFICATIONS.md": [
      {
        "type": "Basic Auth Credentials",
        "filename": "archive/docs_backup_20250726_172244/PROJECT_SPECIFICATIONS.md",
        "hashed_secret": "9d4e1e23bd5b727046a9e3b4b7db57bd8d6ee684",
        "is_verified": false,
        "line_number": 408
      }
    ],
    "archive/docs_backup_20250726_172244/README_FOR_NEXT_SESSION.md": [
      {
        "type": "Secret Keyword",
        "filename": "archive/docs_backup_20250726_172244/README_FOR_NEXT_SESSION.md",
        "hashed_secret": "dd2310b640d02063777fe2d906a6d8ce03c50b53",
        "is_verified": false,
        "line_number": 42
      }
    ],
    "archive/docs_backup_20250726_172244/REFEREE_ANALYTICS_SUMMARY.md": [
      {
        "type": "Secret Keyword",
        "filename": "archive/docs_backup_20250726_172244/REFEREE_ANALYTICS_SUMMARY.md",
        "hashed_secret": "564e340cd48437d2dfe876ee154cc99dc4d0d137",
        "is_verified": false,
        "line_number": 104
      }
    ],
    "archive/docs_backup_20250726_172244/archives/AUTOMATION_SETUP.md": [
      {
        "type": "Secret Keyword",
        "filename": "archive/docs_backup_20250726_172244/archives/AUTOMATION_SETUP.md",
        "hashed_secret": "564e340cd48437d2dfe876ee154cc99dc4d0d137",
        "is_verified": false,
        "line_number": 31
      }
    ],
    "archive/docs_backup_20250726_172244/archives/COMPREHENSIVE_AUDIT_JULY_14_2025.md": [
      {
        "type": "Secret Keyword",
        "filename": "archive/docs_backup_20250726_172244/archives/COMPREHENSIVE_AUDIT_JULY_14_2025.md",
        "hashed_secret": "7a39610968ab6e6e3eedfaf02e526e61df0d1adb",
        "is_verified": false,
        "line_number": 159
      }
    ],
    "archive/docs_backup_20250726_172244/archives/FINAL_IMPLEMENTATION_COMPLETE.md": [
      {
        "type": "Secret Keyword",
        "filename": "archive/docs_backup_20250726_172244/archives/FINAL_IMPLEMENTATION_COMPLETE.md",
        "hashed_secret": "564e340cd48437d2dfe876ee154cc99dc4d0d137",
        "is_verified": false,
        "line_number": 117
      }
    ],
    "archive/docs_backup_20250726_172244/archives/README_OLD.md": [
      {
        "type": "Secret Keyword",
        "filename": "archive/docs_backup_20250726_172244/archives/README_OLD.md",
        "hashed_secret": "564e340cd48437d2dfe876ee154cc99dc4d0d137",
        "is_verified": false,
        "line_number": 16
      }
    ],
    "archive/docs_backup_20250726_172244/archives/REORGANIZATION_COMPLETE.md": [
      {
        "type": "Secret Keyword",
        "filename": "archive/docs_backup_20250726_172244/archives/REORGANIZATION_COMPLETE.md",
        "hashed_secret": "564e340cd48437d2dfe876ee154cc99dc4d0d137",
        "is_verified": false,
        "line_number": 90
      }
    ],
    "archive/docs_backup_20250726_172244/archives/SESSION_HANDOFF_JULY_14.md": [
      {
        "type": "Secret Keyword",
        "filename": "archive/docs_backup_20250726_172244/archives/SESSION_HANDOFF_JULY_14.md",
        "hashed_secret": "dd2310b640d02063777fe2d906a6d8ce03c50b53",
        "is_verified": false,
        "line_number": 102
      }
    ],
    "archive/docs_backup_20250726_172244/clean_docs/guides/SETUP_GUIDE.md": [
      {
        "type": "Basic Auth Credentials",
        "filename": "archive/docs_backup_20250726_172244/clean_docs/guides/SETUP_GUIDE.md",
        "hashed_secret": "5baa61e4c9b93f3f0682250b6cf8331b7ee68fd8",
        "is_verified": false,
        "line_number": 61
      }
    ],
    "archive/docs_backup_20250726_172244/clean_docs/specifications/PROJECT_SPECIFICATIONS.md": [
      {
        "type": "Basic Auth Credentials",
        "filename": "archive/docs_backup_20250726_172244/clean_docs/specifications/PROJECT_SPECIFICATIONS.md",
        "hashed_secret": "9d4e1e23bd5b727046a9e3b4b7db57bd8d6ee684",
        "is_verified": false,
        "line_number": 408
      }
    ],
    "archive/docs_backup_20250726_172244/guides/SETUP_GUIDE.md": [
      {
        "type": "Basic Auth Credentials",
        "filename": "archive/docs_backup_20250726_172244/guides/SETUP_GUIDE.md",
        "hashed_secret": "5baa61e4c9b93f3f0682250b6cf8331b7ee68fd8",
        "is_verified": false,
        "line_number": 61
      }
    ],
    "archive/docs_backup_20250726_172244/reports/COMPLETE_EXTRACTOR_STATUS.md": [
      {
        "type": "Secret Keyword",
        "filename": "archive/docs_backup_20250726_172244/reports/COMPLETE_EXTRACTOR_STATUS.md",
        "hashed_secret": "564e340cd48437d2dfe876ee154cc99dc4d0d137",
        "is_verified": false,
        "line_number": 45
      }
    ],
    "archive/docs_backup_20250726_172244/reports/SYSTEM_FIXED_STATUS.md": [
      {
        "type": "Secret Keyword",
        "filename": "archive/docs_backup_20250726_172244/reports/SYSTEM_FIXED_STATUS.md",
        "hashed_secret": "dd2310b640d02063777fe2d906a6d8ce03c50b53",
        "is_verified": false,
        "line_number": 55
      },
      {
        "type": "Secret Keyword",
        "filename": "archive/docs_backup_20250726_172244/reports/SYSTEM_FIXED_STATUS.md",
        "hashed_secret": "564e340cd48437d2dfe876ee154cc99dc4d0d137",
        "is_verified": false,
        "line_number": 74
      }
    ],
    "archive/docs_backup_20250726_172244/reports/historical/FIXES_IMPLEMENTED_SUMMARY.md": [
      {
        "type": "Secret Keyword",
        "filename": "archive/docs_backup_20250726_172244/reports/historical/FIXES_IMPLEMENTED_SUMMARY.md",
        "hashed_secret": "564e340cd48437d2dfe876ee154cc99dc4d0d137",
        "is_verified": false,
        "line_number": 98
      }
    ],
    "archive/docs_backup_20250726_172244/reports/latest/ULTIMATE_SYSTEM_TEST_REPORT.md": [
      {
        "type": "Secret Keyword",
        "filename": "archive/docs_backup_20250726_172244/reports/latest/ULTIMATE_SYSTEM_TEST_REPORT.md",
        "hashed_secret": "dd2310b640d02063777fe2d906a6d8ce03c50b53",
        "is_verified": false,
        "line_number": 80
      }
    ],
    "archive/docs_stale_20260223/specifications/PROJECT_SPECIFICATIONS.md": [
      {
        "type": "Basic Auth Credentials",
        "filename": "archive/docs_stale_20260223/specifications/PROJECT_SPECIFICATIONS.md",
        "hashed_secret": "9d4e1e23bd5b727046a9e3b4b7db57bd8d6ee684",
        "is_verified": false,
        "line_number": 408
      }
    ],
    "archive/docs_stale_20260223/workflows/MF_WORKFLOW.md": [
      {
        "type": "Base64 High Entropy String",
        "filename": "archive/docs_stale_20260223/workflows/MF_WORKFLOW.md",
        "hashed_secret": "f2187a1fb8457b8eaff2560ed3216a244f3cbdab",
        "is_verified": false,
        "line_number": 486
      }
    ],
    "archive/ecc_abandoned_20260211/adapters/browser/async_auth_manager.py": [
      {
        "type": "Secret Keyword",
        "filename": "archive/ecc_abandoned_20260211/adapters/browser/async_auth_manager.py",
        "hashed_secret": "e8fc807ce6fbcda13f91c5b64850173873de0cdc",
        "is_verified": false,
        "line_number": 29
      },
      {
        "type": "Secret Keyword",
        "filename": "archive/ecc_abandoned_20260211/adapters/browser/async_auth_manager.py",
        "hashed_secret": "9df8cca4c32e7d74c90002a25e94ff1649141714",
        "is_verified": false,
        "line_number": 30
      },
      {
        "type": "Secret Keyword",
        "filename": "archive/ecc_abandoned_20260211/adapters/browser/async_auth_manager.py",
        "hashed_secret": "9fb7fe1217aed442b04c0f5e43b5d5a7d3287097",
        "is_verified": false,
        "line_number": 338
      }
    ],
    "archive/ecc_abandoned_20260211/core/authentication.py": [
      {
        "type": "Secret Keyword",
        "filename": "archive/ecc_abandoned_20260211/core/authentication.py",
        "hashed_secret": "e8fc807ce6fbcda13f91c5b64850173873de0cdc",
        "is_verified": false,
        "line_number": 30
      }
    ],
    "archive/ecc_abandoned_20260211/infrastructure/tasks/jobs.py": [
      {
        "type": "Basic Auth Credentials",
        "filename": "archive/ecc_abandoned_20260211/infrastructure/tasks/jobs.py",
        "hashed_secret": "9fd32b9b5ebf62dffd6d4e35142f9a610019bc0f",
        "is_verified": false,
        "line_number": 33
      }
    ],
    "archive/legacy_implementations_20250726/editorial_assistant/cli/main.py": [
      {
        "type": "Secret Keyword",
        "filename": "archive/legacy_implementations_20250726/editorial_assistant/cli/main.py",
        "hashed_secret": "564e340cd48437d2dfe876ee154cc99dc4d0d137",
        "is_verified": false,
        "line_number": 134
      }
    ],
    "archive/legacy_implementations_20250726/production/docs/architecture/DEVELOPMENT_STANDARDS.md": [
      {
        "type": "Secret Keyword",
        "filename": "archive/legacy_implementations_20250726/production/docs/architecture/DEVELOPMENT_STANDARDS.md",
        "hashed_secret": "f2b14f68eb995facb3a1c35287b778d5bd785511",
        "is_verified": false,
        "line_number": 422
      }
    ],
    "archive/legacy_implementations_20250726/production/docs/user/HOW_TO_RUN_MF_EXTRACTOR.md": [
      {
        "type": "Secret Keyword",
        "filename": "archive/legacy_implementations_20250726/production/docs/user/HOW_TO_RUN_MF_EXTRACTOR.md",
        "hashed_secret": "45d676e7c6ab44cf4b8fa366ef2d8fccd3e6d6e6",
        "is_verified": false,
        "line_number": 15
      }
    ],
    "archive/legacy_implementations_20250726/production/post_login_page.html": [
      {
        "type": "Base64 High Entropy String",
        "filename": "archive/legacy_implementations_20250726/production/post_login_page.html",
        "hashed_secret": "6bfc6970f86969656ab088c9d46e6929753bf0ed",
        "is_verified": false,
        "line_number": 991
      },
      {
        "type": "Base64 High Entropy String",
        "filename": "archive/legacy_implementations_20250726/production/post_login_page.html",
        "hashed_secret": "23d97a7761bf49fe71dd4892b2a7322596ae7bd1",
        "is_verified": false,
        "line_number": 1718
      },
      {
        "type": "Base64 High Entropy String",
        "filename": "archive/legacy_implementations_20250726/production/post_login_page.html",
        "hashed_secret": "36c4067991e2e6c00a90fb183ce5d0ccf2c6b5b1",
        "is_verified": false,
        "line_number": 1719
      },
      {
        "type": "Base64 High Entropy String",
        "filename": "archive/legacy_implementations_20250726/production/post_login_page.html",
        "hashed_secret": "e13a6adb51e0d4846c1ef7382bfbf717faa3c4b1",
        "is_verified": false,
        "line_number": 1720
      },
      {
        "type": "Base64 High Entropy String",
        "filename": "archive/legacy_implementations_20250726/production/post_login_page.html",
        "hashed_secret": "44eb77f13bff56c0927cac264127ec2ef3012eaa",
        "is_verified": false,
        "line_number": 1721
      },
      {
        "type": "Secret Keyword",
        "filename": "archive/legacy_implementations_20250726/production/post_login_page.html",
        "hashed_secret": "44eb77f13bff56c0927cac264127ec2ef3012eaa",
        "is_verified": false,
        "line_number": 1721
      },
      {
        "type": "Base64 High Entropy String",
        "filename": "archive/legacy_implementations_20250726/production/post_login_page.html",
        "hashed_secret": "baa9bf3e739518c78892ed5304bb5b8ffc9d58e0",
        "is_verified": false,
        "line_number": 1722
      },
      {
        "type": "Base64 High Entropy String",
        "filename": "archive/legacy_implementations_20250726/production/post_login_page.html",
        "hashed_secret": "ed81f9f8eb7c8bfc62836ff309f3c2868197976e",
        "is_verified": false,
        "line_number": 1728
      },
      {
        "type": "Base64 High Entropy String",
        "filename": "archive/legacy_implementations_20250726/production/post_login_page.html",
        "hashed_secret": "3be4750f2c8507dbdcea8f91cbc19086746b793a",
        "is_verified": false,
        "line_number": 1729
      },
      {
        "type": "Secret Keyword",
        "filename": "archive/legacy_implementations_20250726/production/post_login_page.html",
        "hashed_secret": "6e3371e117ad664c0df1af9703a06537bf960281",
        "is_verified": false,
        "line_number": 1755
      },
      {
        "type": "Base64 High Entropy String",
        "filename": "archive/legacy_implementations_20250726/production/post_login_page.html",
        "hashed_secret": "42e8fd56fbfda2d5cbf752a8a37ad4ad961aaf5e",
        "is_verified": false,
        "line_number": 1855
      },
      {
        "type": "Base64 High Entropy String",
        "filename": "archive/legacy_implementations_20250726/production/post_login_page.html",
        "hashed_secret": "496b5705e614321429b88bf47f8e3160576bc2c7",
        "is_verified": false,
        "line_number": 1889
      },
      {
        "type": "Secret Keyword",
        "filename": "archive/legacy_implementations_20250726/production/post_login_page.html",
        "hashed_secret": "25d573370f52f3d8811cdcd67fe1cea8c92b58b0",
        "is_verified": false,
        "line_number": 1908
      },
      {
        "type": "Secret Keyword",
        "filename": "archive/legacy_implementations_20250726/production/post_login_page.html",
        "hashed_secret": "07dd2d97bd2af9274c1d957b4cb29c77f7941643",
        "is_verified": false,
        "line_number": 1928
      },
      {
        "type": "Base64 High Entropy String",
        "filename": "archive/legacy_implementations_20250726/production/post_login_page.html",
        "hashed_secret": "54f1c5fcecc44c315e5fa330d905e7a7c0aff3d4",
        "is_verified": false,
        "line_number": 1933
      },
      {
        "type": "Base64 High Entropy String",
        "filename": "archive/legacy_implementations_20250726/production/post_login_page.html",
        "hashed_secret": "b4a1e70d992fd2573c98ebfa283bcc74b1b6af29",
        "is_verified": false,
        "line_number": 1934
      },
      {
        "type": "Base64 High Entropy String",
        "filename": "archive/legacy_implementations_20250726/production/post_login_page.html",
        "hashed_secret": "ae5897e69ac9c7e20d576ef88799e07ce7865e40",
        "is_verified": false,
        "line_number": 1935
      },
      {
        "type": "Base64 High Entropy String",
        "filename": "archive/legacy_implementations_20250726/production/post_login_page.html",
        "hashed_secret": "f0f45038c1547581ff059406ef77d9117fc60c83",
        "is_verified": false,
        "line_number": 2228
      }
    ],
    "archive/legacy_implementations_20250726/production/scripts/run_extraction.py": [
      {
        "type": "Secret Keyword",
        "filename": "archive/legacy_implementations_20250726/production/scripts/run_extraction.py",
        "hashed_secret": "273d0accd0a1b544d7ad7445fd6c8fb8f8308243",
        "is_verified": false,
        "line_number": 125
      },
      {
        "type": "Secret Keyword",
        "filename": "archive/legacy_implementations_20250726/production/scripts/run_extraction.py",
        "hashed_secret": "6b3173c1101e039f8de5cec408485a38a7666fb2",
        "is_verified": false,
        "line_number": 139
      },
      {
        "type": "Secret Keyword",
        "filename": "archive/legacy_implementations_20250726/production/scripts/run_extraction.py",
        "hashed_secret": "79729dfead4c5d0a15db6c60b31dd72f79bec792",
        "is_verified": false,
        "line_number": 146
      },
      {
        "type": "Secret Keyword",
        "filename": "archive/legacy_implementations_20250726/production/scripts/run_extraction.py",
        "hashed_secret": "085854d85852b180935624eb3186518bee919c04",
        "is_verified": false,
        "line_number": 160
      },
      {
        "type": "Secret Keyword",
        "filename": "archive/legacy_implementations_20250726/production/scripts/run_extraction.py",
        "hashed_secret": "da2abc78d3c967a8e92be42235d5de2e8a4466fb",
        "is_verified": false,
        "line_number": 167
      },
      {
        "type": "Secret Keyword",
        "filename": "archive/legacy_implementations_20250726/production/scripts/run_extraction.py",
        "hashed_secret": "e259f1204e30d1c907b0aebf67e2931062631ca6",
        "is_verified": false,
        "line_number": 174
      }
    ],
    "archive/legacy_implementations_20250726/production/scripts/run_mf_now.sh": [
      {
        "type": "Secret Keyword",
        "filename": "archive/legacy_implementations_20250726/production/scripts/run_mf_now.sh",
        "hashed_secret": "45d676e7c6ab44cf4b8fa366ef2d8fccd3e6d6e6",
        "is_verified": false,
        "line_number": 19
      }
    ],
    "archive/legacy_implementations_20250726/production/tools/page_after_login.html": [
      {
        "type": "Base64 High Entropy String",
        "filename": "archive/legacy_implementations_20250726/production/tools/page_after_login.html",
        "hashed_secret": "30850ebe6161260ef3e0be8a3207efacc7713308",
        "is_verified": false,
        "line_number": 861
      },
      {
        "type": "Secret Keyword",
        "filename": "archive/legacy_implementations_20250726/production/tools/page_after_login.html",
        "hashed_secret": "ba652ce5ade755dc92b47bcc97e2037e69e2b8a8",
        "is_verified": false,
        "line_number": 2277
      },
      {
        "type": "Base64 High Entropy String",
        "filename": "archive/legacy_implementations_20250726/production/tools/page_after_login.html",
        "hashed_secret": "dee3f3482586b11316ee86407e183a42c11f8de4",
        "is_verified": false,
        "line_number": 2278
      },
      {
        "type": "Base64 High Entropy String",
        "filename": "archive/legacy_implementations_20250726/production/tools/page_after_login.html",
        "hashed_secret": "4a2368381396d041a8c4a47c12afb60782898404",
        "is_verified": false,
        "line_number": 2465
      },
      {
        "type": "Base64 High Entropy String",
        "filename": "archive/legacy_implementations_20250726/production/tools/page_after_login.html",
        "hashed_secret": "05eeef9e73bf783c539740dad1447620f872dd4b",
        "is_verified": false,
        "line_number": 3044
      },
      {
        "type": "Base64 High Entropy String",
        "filename": "archive/legacy_implementations_20250726/production/tools/page_after_login.html",
        "hashed_secret": "d6c3f6dda5b9dd6a361cf87e2f225ab19801e44f",
        "is_verified": false,
        "line_number": 3045
      },
      {
        "type": "Base64 High Entropy String",
        "filename": "archive/legacy_implementations_20250726/production/tools/page_after_login.html",
        "hashed_secret": "23bd7ff984c5ade8f1f8877f1587da5d1514dc99",
        "is_verified": false,
        "line_number": 3340
      }
    ],
    "archive/old_outputs/dashboard_sicon_20250715_085253/dashboard_extraction_results.json": [
      {
        "type": "Base64 High Entropy String",
        "filename": "archive/old_outputs/dashboard_sicon_20250715_085253/dashboard_extraction_results.json",
        "hashed_secret": "28304e31fbeedf4bf38d82985f4ec33612b52359",
        "is_verified": false,
        "line_number": 48
      }
    ],
    "archive/old_outputs/public_sicon_20250714_230459/public_detailed_data.json": [
      {
        "type": "Hex High Entropy String",
        "filename": "archive/old_outputs/public_sicon_20250714_230459/public_detailed_data.json",
        "hashed_secret": "229dd2658e1919f725a239ddf678ad0b13fa3b9e",
        "is_verified": false,
        "line_number": 229
      },
      {
        "type": "Base64 High Entropy String",
        "filename": "archive/old_outputs/public_sicon_20250714_230459/public_detailed_data.json",
        "hashed_secret": "ef9611fbff69d095c96839993262510182e1695f",
        "is_verified": false,
        "line_number": 229
      },
      {
        "type": "Base64 High Entropy String",
        "filename": "archive/old_outputs/public_sicon_20250714_230459/public_detailed_data.json",
        "hashed_secret": "068e4acbaf8405c0797c9be0f9579c2aaf8d9ac3",
        "is_verified": false,
        "line_number": 297
      },
      {
        "type": "Base64 High Entropy String",
        "filename": "archive/old_outputs/public_sicon_20250714_230459/public_detailed_data.json",
        "hashed_secret": "1f186660ed6e77cb79590e1aed31a5b62ab15e58",
        "is_verified": false,
        "line_number": 297
      },
      {
        "type": "Base64 High Entropy String",
        "filename": "archive/old_outputs/public_sicon_20250714_230459/public_detailed_data.json",
        "hashed_secret": "7070161b09b3c2e6bf5d49cb1d9585337c41f8f5",
        "is_verified": false,
        "line_number": 297
      },
      {
        "type": "Base64 High Entropy String",
        "filename": "archive/old_outputs/public_sicon_20250714_230459/public_detailed_data.json",
        "hashed_secret": "bfd3d397d533bfed820c9658d067799dc8e81108",
        "is_verified": false,
        "line_number": 297
      },
      {
        "type": "Base64 High Entropy String",
        "filename": "archive/old_outputs/public_sicon_20250714_230459/public_detailed_data.json",
        "hashed_secret": "db447a72b555a66fbb7d99df64d9a6b7c465e21d",
        "is_verified": false,
        "line_number": 297
      },
      {
        "type": "Base64 High Entropy String",
        "filename": "archive/old_outputs/public_sicon_20250714_230459/public_detailed_data.json",
        "hashed_secret": "e1206580fa383d19437f76f10cdf653bec17a24a",
        "is_verified": false,
        "line_number": 297
      },
      {
        "type": "Base64 High Entropy String",
        "filename": "archive/old_outputs/public_sicon_20250714_230459/public_detailed_data.json",
        "hashed_secret": "e472c12cc7afa2c02fb3b58aaa77277836369c30",
        "is_verified": false,
        "line_number": 297
      },
      {
        "type": "Base64 High Entropy String",
        "filename": "archive/old_outputs/public_sicon_20250714_230459/public_detailed_data.json",
        "hashed_secret": "e82393cac9efec44e2dddc9ff20a5fcada3729d8",
        "is_verified": false,
        "line_number": 297
      }
    ],
    "archive/old_results_20250726/output/analysis/cover_letter_popup.html": [
      {
        "type": "Base64 High Entropy String",
        "filename": "archive/old_results_20250726/output/analysis/cover_letter_popup.html",
        "hashed_secret": "936f8e92bbe33a27cc3eea78d043c731800657ce",
        "is_verified": false,
        "line_number": 838
      },
      {
        "type": "Base64 High Entropy String",
        "filename": "archive/old_results_20250726/output/analysis/cover_letter_popup.html",
        "hashed_secret": "b42af2a79e3ef6087b9f1e0138899611d3cc4fa9",
        "is_verified": false,
        "line_number": 1742
      }
    ],
    "archive/old_results_20250726/output/analysis/mf_login_page.html": [
      {
        "type": "Base64 High Entropy String",
        "filename": "archive/old_results_20250726/output/analysis/mf_login_page.html",
        "hashed_secret": "9d1f9c42f4da8873bd2fa46039979995d0344c3c",
        "is_verified": false,
        "line_number": 977
      },
      {
        "type": "Base64 High Entropy String",
        "filename": "archive/old_results_20250726/output/analysis/mf_login_page.html",
        "hashed_secret": "aeb0bfd0998f87e605ba524b458fec2f0a59f366",
        "is_verified": false,
        "line_number": 1743
      },
      {
        "type": "Base64 High Entropy String",
        "filename": "archive/old_results_20250726/output/analysis/mf_login_page.html",
        "hashed_secret": "aabf6ab375fac50d9aac425be951029b9573fc14",
        "is_verified": false,
        "line_number": 1777
      },
      {
        "type": "Secret Keyword",
        "filename": "archive/old_results_20250726/output/analysis/mf_login_page.html",
        "hashed_secret": "25d573370f52f3d8811cdcd67fe1cea8c92b58b0",
        "is_verified": false,
        "line_number": 1796
      },
      {
        "type": "Secret Keyword",
        "filename": "archive/old_results_20250726/output/analysis/mf_login_page.html",
        "hashed_secret": "07dd2d97bd2af9274c1d957b4cb29c77f7941643",
        "is_verified": false,
        "line_number": 1816
      },
      {
        "type": "Base64 High Entropy String",
        "filename": "archive/old_results_20250726/output/analysis/mf_login_page.html",
        "hashed_secret": "9ba9783a846c03a0cd3040020f7d3498f4cdbb17",
        "is_verified": false,
        "line_number": 1821
      },
      {
        "type": "Base64 High Entropy String",
        "filename": "archive/old_results_20250726/output/analysis/mf_login_page.html",
        "hashed_secret": "3f7a76b44a4c30eaf1afa53cd1c3a6da7c52b63a",
        "is_verified": false,
        "line_number": 1822
      },
      {
        "type": "Base64 High Entropy String",
        "filename": "archive/old_results_20250726/output/analysis/mf_login_page.html",
        "hashed_secret": "41618e64ff5f581f8155271ac8536d15a53c9333",
        "is_verified": false,
        "line_number": 1823
      },
      {
        "type": "Base64 High Entropy String",
        "filename": "archive/old_results_20250726/output/analysis/mf_login_page.html",
        "hashed_secret": "d39fde2f626dd44c39d7bd3cf2a0bcc0ff6591e4",
        "is_verified": false,
        "line_number": 2116
      }
    ],
    "archive/old_results_20250726/working_gmail_timeline_20250721_165333.json": [
      {
        "type": "Hex High Entropy String",
        "filename": "archive/old_results_20250726/working_gmail_timeline_20250721_165333.json",
        "hashed_secret": "d47640919f8b56c78f33905accdd76b9236230ef",
        "is_verified": false,
        "line_number": 81
      },
      {
        "type": "Hex High Entropy String",
        "filename": "archive/old_results_20250726/working_gmail_timeline_20250721_165333.json",
        "hashed_secret": "02ea96c4dd42eea2a2ad9a2d47468a18e5a1c3db",
        "is_verified": false,
        "line_number": 88
      },
      {
        "type": "Hex High Entropy String",
        "filename": "archive/old_results_20250726/working_gmail_timeline_20250721_165333.json",
        "hashed_secret": "33988e530667d04c60e5079cfce7cafbd9fffa30",
        "is_verified": false,
        "line_number": 95
      },
      {
        "type": "Hex High Entropy String",
        "filename": "archive/old_results_20250726/working_gmail_timeline_20250721_165333.json",
        "hashed_secret": "eb641cf8e112bf62d8c71823d485f3a81c27c9e2",
        "is_verified": false,
        "line_number": 102
      },
      {
        "type": "Hex High Entropy String",
        "filename": "archive/old_results_20250726/working_gmail_timeline_20250721_165333.json",
        "hashed_secret": "3cd2e5fff2e124453b21f80077eed342c28bc422",
        "is_verified": false,
        "line_number": 109
      },
      {
        "type": "Hex High Entropy String",
        "filename": "archive/old_results_20250726/working_gmail_timeline_20250721_165333.json",
        "hashed_secret": "1c658ae8b3b951b2ab6f3b4c651d0b47ab5b63e3",
        "is_verified": false,
        "line_number": 116
      },
      {
        "type": "Hex High Entropy String",
        "filename": "archive/old_results_20250726/working_gmail_timeline_20250721_165333.json",
        "hashed_secret": "10deb3c78fc3bef4f0425336b258db46384110ad",
        "is_verified": false,
        "line_number": 206
      },
      {
        "type": "Hex High Entropy String",
        "filename": "archive/old_results_20250726/working_gmail_timeline_20250721_165333.json",
        "hashed_secret": "b3afa079f5cadbf2db0102e0079505697daf25c8",
        "is_verified": false,
        "line_number": 213
      },
      {
        "type": "Hex High Entropy String",
        "filename": "archive/old_results_20250726/working_gmail_timeline_20250721_165333.json",
        "hashed_secret": "c0170360830453bcff9ca6bd7a8614307e2de7c8",
        "is_verified": false,
        "line_number": 220
      }
    ],
    "archive/session_docs_20251004/ECC_MIGRATION_COMPLETE.md": [
      {
        "type": "Basic Auth Credentials",
        "filename": "archive/session_docs_20251004/ECC_MIGRATION_COMPLETE.md",
        "hashed_secret": "9fd32b9b5ebf62dffd6d4e35142f9a610019bc0f",
        "is_verified": false,
        "line_number": 180
      }
    ],
    "config/README.md": [
      {
        "type": "Basic Auth Credentials",
        "filename": "config/README.md",
        "hashed_secret": "112bb791304791ddcf692e29fd5cf149b35fea37",
        "is_verified": false,
        "line_number": 37
      },
      {
        "type": "Basic Auth Credentials",
        "filename": "config/README.md",
        "hashed_secret": "9fd32b9b5ebf62dffd6d4e35142f9a610019bc0f",
        "is_verified": false,
        "line_number": 108
      }
    ],
    "deploy.sh": [
      {
        "type": "Basic Auth Credentials",
        "filename": "deploy.sh",
        "hashed_secret": "9fd32b9b5ebf62dffd6d4e35142f9a610019bc0f",
        "is_verified": false,
        "line_number": 86
      }
    ],
    "dev/mf/outputs/mor_page_20250917_141646.html": [
      {
        "type": "Base64 High Entropy String",
        "filename": "dev/mf/outputs/mor_page_20250917_141646.html",
        "hashed_secret": "8e1ad5ecdf43a474e8c6dd953706cd2b85004d08",
        "is_verified": false,
        "line_number": 843
      },
      {
        "type": "Base64 High Entropy String",
        "filename": "dev/mf/outputs/mor_page_20250917_141646.html",
        "hashed_secret": "0c99f8303ecd66aee8fa90a1260729f0f746506e",
        "is_verified": false,
        "line_number": 862
      },
      {
        "type": "Base64 High Entropy String",
        "filename": "dev/mf/outputs/mor_page_20250917_141646.html",
        "hashed_secret": "b70f19d596d4bccfdbfa72b15a0824e880e39b60",
        "is_verified": false,
        "line_number": 1490
      },
      {
        "type": "Base64 High Entropy String",
        "filename": "dev/mf/outputs/mor_page_20250917_141646.html",
        "hashed_secret": "4917fef66c54281f5fc8a74588fa50c0cfa907d5",
        "is_verified": false,
        "line_number": 1497
      },
      {
        "type": "Base64 High Entropy String",
        "filename": "dev/mf/outputs/mor_page_20250917_141646.html",
        "hashed_secret": "6fb2383184e9d7b24473d50091af7d050f8be11c",
        "is_verified": false,
        "line_number": 1522
      },
      {
        "type": "Base64 High Entropy String",
        "filename": "dev/mf/outputs/mor_page_20250917_141646.html",
        "hashed_secret": "8d587251844e192520e66ee4e423c9e8644553ed",
        "is_verified": false,
        "line_number": 3166
      },
      {
        "type": "Base64 High Entropy String",
        "filename": "dev/mf/outputs/mor_page_20250917_141646.html",
        "hashed_secret": "22da5951d74e5c7465c7eeeace9a37caa0619acd",
        "is_verified": false,
        "line_number": 3801
      },
      {
        "type": "Base64 High Entropy String",
        "filename": "dev/mf/outputs/mor_page_20250917_141646.html",
        "hashed_secret": "d913d4cd41f5cd90d2df35df6fe411183c0b2882",
        "is_verified": false,
        "line_number": 4342
      },
      {
        "type": "Base64 High Entropy String",
        "filename": "dev/mf/outputs/mor_page_20250917_141646.html",
        "hashed_secret": "492c31493ac6a024a3042a062a82700bb69f3593",
        "is_verified": false,
        "line_number": 4909
      },
      {
        "type": "Base64 High Entropy String",
        "filename": "dev/mf/outputs/mor_page_20250917_141646.html",
        "hashed_secret": "fcba1ac3366f425e3ec2d84a44c77507f8d71202",
        "is_verified": false,
        "line_number": 5450
      },
      {
        "type": "Base64 High Entropy String",
        "filename": "dev/mf/outputs/mor_page_20250917_141646.html",
        "hashed_secret": "410fcbad51ed0be80f2b36fc9b423121f79f2749",
        "is_verified": false,
        "line_number": 5988
      },
      {
        "type": "Base64 High Entropy String",
        "filename": "dev/mf/outputs/mor_page_20250917_141646.html",
        "hashed_secret": "8fb880a7a192a4cdf6cd0502a6cf0729cb2d0d22",
        "is_verified": false,
        "line_number": 6535
      },
      {
        "type": "Base64 High Entropy String",
        "filename": "dev/mf/outputs/mor_page_20250917_141646.html",
        "hashed_secret": "06d976407903736bdc9d43742dccad6a6e93c1bf",
        "is_verified": false,
        "line_number": 7082
      },
      {
        "type": "Base64 High Entropy String",
        "filename": "dev/mf/outputs/mor_page_20250917_141646.html",
        "hashed_secret": "0f3bf486830be9dec1cce7b15e40214303a2a14b",
        "is_verified": false,
        "line_number": 8443
      },
      {
        "type": "Base64 High Entropy String",
        "filename": "dev/mf/outputs/mor_page_20250917_141646.html",
        "hashed_secret": "fe0f7d200d8dd0e337893ffde709e1661f92443d",
        "is_verified": false,
        "line_number": 8535
      },
      {
        "type": "Base64 High Entropy String",
        "filename": "dev/mf/outputs/mor_page_20250917_141646.html",
        "hashed_secret": "7132224ad88e16fff3c8310d287dab20aab090a4",
        "is_verified": false,
        "line_number": 8586
      },
      {
        "type": "Base64 High Entropy String",
        "filename": "dev/mf/outputs/mor_page_20250917_141646.html",
        "hashed_secret": "4df930e8ba844abdf59419fd372a2ad81f225fa4",
        "is_verified": false,
        "line_number": 8631
      },
      {
        "type": "Base64 High Entropy String",
        "filename": "dev/mf/outputs/mor_page_20250917_141646.html",
        "hashed_secret": "ac53a841c6db9361e93181c37d4cd01a86d6fbe0",
        "is_verified": false,
        "line_number": 8633
      },
      {
        "type": "Base64 High Entropy String",
        "filename": "dev/mf/outputs/mor_page_20250917_141646.html",
        "hashed_secret": "d743df37a7d46f152c10a21ab2bba427c21608ba",
        "is_verified": false,
        "line_number": 8635
      },
      {
        "type": "Base64 High Entropy String",
        "filename": "dev/mf/outputs/mor_page_20250917_141646.html",
        "hashed_secret": "d3be60af6408d09584aeb4d9a035a3e57d9b8aaa",
        "is_verified": false,
        "line_number": 8637
      },
      {
        "type": "Base64 High Entropy String",
        "filename": "dev/mf/outputs/mor_page_20250917_141646.html",
        "hashed_secret": "056423e0aeebaa1376a67a60e65cecb590d5127f",
        "is_verified": false,
        "line_number": 8639
      },
      {
        "type": "Base64 High Entropy String",
        "filename": "dev/mf/outputs/mor_page_20250917_141646.html",
        "hashed_secret": "7772b33bfc5020dea2c106f2b23a0b5e1bbf2efa",
        "is_verified": false,
        "line_number": 8867
      },
      {
        "type": "Base64 High Entropy String",
        "filename": "dev/mf/outputs/mor_page_20250917_141646.html",
        "hashed_secret": "eba26c12ae620923595af8f890f1956c162ed4c0",
        "is_verified": false,
        "line_number": 9001
      },
      {
        "type": "Base64 High Entropy String",
        "filename": "dev/mf/outputs/mor_page_20250917_141646.html",
        "hashed_secret": "d41b95500d88b3e3262cb89a1932d31abd2975b5",
        "is_verified": false,
        "line_number": 9003
      },
      {
        "type": "Base64 High Entropy String",
        "filename": "dev/mf/outputs/mor_page_20250917_141646.html",
        "hashed_secret": "a95774b56925c5b97c129ce0904cdd2a937324db",
        "is_verified": false,
        "line_number": 10267
      }
    ],
    "dev/mf/outputs/mor_page_20250917_141856.html": [
      {
        "type": "Base64 High Entropy String",
        "filename": "dev/mf/outputs/mor_page_20250917_141856.html",
        "hashed_secret": "bb849459d3dadec68400dff961df163fe3555ff8",
        "is_verified": false,
        "line_number": 843
      },
      {
        "type": "Base64 High Entropy String",
        "filename": "dev/mf/outputs/mor_page_20250917_141856.html",
        "hashed_secret": "aa0cf079ba507c8e657529ea485df4bdf8ae19d1",
        "is_verified": false,
        "line_number": 862
      },
      {
        "type": "Base64 High Entropy String",
        "filename": "dev/mf/outputs/mor_page_20250917_141856.html",
        "hashed_secret": "1b7a36805c96741e83e1d56396500df2b57edb89",
        "is_verified": false,
        "line_number": 1490
      },
      {
        "type": "Base64 High Entropy String",
        "filename": "dev/mf/outputs/mor_page_20250917_141856.html",
        "hashed_secret": "48aead72baccfde9326d491c2c6f7fb965685bf1",
        "is_verified": false,
        "line_number": 1497
      },
      {
        "type": "Base64 High Entropy String",
        "filename": "dev/mf/outputs/mor_page_20250917_141856.html",
        "hashed_secret": "1f89935a29b0bc9430b6df876ccd90003906c7e2",
        "is_verified": false,
        "line_number": 1522
      },
      {
        "type": "Base64 High Entropy String",
        "filename": "dev/mf/outputs/mor_page_20250917_141856.html",
        "hashed_secret": "f9f59ca4456233319962cc0a4fa24d0a49227641",
        "is_verified": false,
        "line_number": 3166
      },
      {
        "type": "Base64 High Entropy String",
        "filename": "dev/mf/outputs/mor_page_20250917_141856.html",
        "hashed_secret": "7e438552a238f6f25d9063760bddc6a23743671c",
        "is_verified": false,
        "line_number": 3801
      },
      {
        "type": "Base64 High Entropy String",
        "filename": "dev/mf/outputs/mor_page_20250917_141856.html",
        "hashed_secret": "147f1a7089ea3cf3bbfe9b5ae8bcf80e157ddbf0",
        "is_verified": false,
        "line_number": 4342
      },
      {
        "type": "Base64 High Entropy String",
        "filename": "dev/mf/outputs/mor_page_20250917_141856.html",
        "hashed_secret": "6c951c35ba30bea6099749ac505e3e93ec6f0645",
        "is_verified": false,
        "line_number": 4909
      },
      {
        "type": "Base64 High Entropy String",
        "filename": "dev/mf/outputs/mor_page_20250917_141856.html",
        "hashed_secret": "cd40efcd6aa5b1d99b980973d0ee34d4f194ee1b",
        "is_verified": false,
        "line_number": 5450
      },
      {
        "type": "Base64 High Entropy String",
        "filename": "dev/mf/outputs/mor_page_20250917_141856.html",
        "hashed_secret": "1d4ec5bfdd4dc03574f5133fdcd7f2ce44f30bad",
        "is_verified": false,
        "line_number": 5988
      },
      {
        "type": "Base64 High Entropy String",
        "filename": "dev/mf/outputs/mor_page_20250917_141856.html",
        "hashed_secret": "c661b8115dee509bde84fdcc1c8c1e00a671d8c4",
        "is_verified": false,
        "line_number": 6535
      },
      {
        "type": "Base64 High Entropy String",
        "filename": "dev/mf/outputs/mor_page_20250917_141856.html",
        "hashed_secret": "2b6d10bd80c816e3c38b8f6d65b4e8d86facf90f",
        "is_verified": false,
        "line_number": 7082
      },
      {
        "type": "Base64 High Entropy String",
        "filename": "dev/mf/outputs/mor_page_20250917_141856.html",
        "hashed_secret": "c79042cb1020bb6b112ed33b1697f412231348de",
        "is_verified": false,
        "line_number": 8016
      },
      {
        "type": "Base64 High Entropy String",
        "filename": "dev/mf/outputs/mor_page_20250917_141856.html",
        "hashed_secret": "7cc9ba714a82d12aa4e437b1bc8b2dfe3837d221",
        "is_verified": false,
        "line_number": 8443
      },
      {
        "type": "Base64 High Entropy String",
        "filename": "dev/mf/outputs/mor_page_20250917_141856.html",
        "hashed_secret": "8f727835cf86f9d3189a9522aeb5d098ad6d4fcf",
        "is_verified": false,
        "line_number": 8535
      },
      {
        "type": "Base64 High Entropy String",
        "filename": "dev/mf/outputs/mor_page_20250917_141856.html",
        "hashed_secret": "1daa00418d050ee985eb6372c887489dc2dbded9",
        "is_verified": false,
        "line_number": 8586
      },
      {
        "type": "Base64 High Entropy String",
        "filename": "dev/mf/outputs/mor_page_20250917_141856.html",
        "hashed_secret": "95b50f48fb5a050ed143c81080c290d68323c5fe",
        "is_verified": false,
        "line_number": 8631
      },
      {
        "type": "Base64 High Entropy String",
        "filename": "dev/mf/outputs/mor_page_20250917_141856.html",
        "hashed_secret": "886f8ee7f44c31bc27d02c689ed83041a06b86fc",
        "is_verified": false,
        "line_number": 8633
      },
      {
        "type": "Base64 High Entropy String",
        "filename": "dev/mf/outputs/mor_page_20250917_141856.html",
        "hashed_secret": "33e1fec964e67cceb82a63c44afe9e5aaf613642",
        "is_verified": false,
        "line_number": 8635
      },
      {
        "type": "Base64 High Entropy String",
        "filename": "dev/mf/outputs/mor_page_20250917_141856.html",
        "hashed_secret": "0bc895baa39d5bfb73d64c2e4e515f4c4bd70451",
        "is_verified": false,
        "line_number": 8637
      },
      {
        "type": "Base64 High Entropy String",
        "filename": "dev/mf/outputs/mor_page_20250917_141856.html",
        "hashed_secret": "40cc39d5988f24943293279246593d445d34fa26",
        "is_verified": false,
        "line_number": 8639
      },
      {
        "type": "Base64 High Entropy String",
        "filename": "dev/mf/outputs/mor_page_20250917_141856.html",
        "hashed_secret": "f0b900c7d4b6649d8a4ed388cbd00f024f2023c1",
        "is_verified": false,
        "line_number": 8867
      },
      {
        "type": "Base64 High Entropy String",
        "filename": "dev/mf/outputs/mor_page_20250917_141856.html",
        "hashed_secret": "17fe4edb550027adb3a9418c990a0706395f17b9",
        "is_verified": false,
        "line_number": 9001
      },
      {
        "type": "Base64 High Entropy String",
        "filename": "dev/mf/outputs/mor_page_20250917_141856.html",
        "hashed_secret": "e14c19c020e2870994d47187ff6e709ae4f50f59",
        "is_verified": false,
        "line_number": 9003
      },
      {
        "type": "Base64 High Entropy String",
        "filename": "dev/mf/outputs/mor_page_20250917_141856.html",
        "hashed_secret": "1497613936ace41cbcf5c6078fd1e82eb5c43708",
        "is_verified": false,
        "line_number": 10267
      }
    ],
    "dev/mf/tests/compare_mf_mor_urls.py": [
      {
        "type": "Secret Keyword",
        "filename": "dev/mf/tests/compare_mf_mor_urls.py",
        "hashed_secret": "5baa61e4c9b93f3f0682250b6cf8331b7ee68fd8",
        "is_verified": false,
        "line_number": 52
      }
    ],
    "dev/mf/tests/test_api_endpoints.py": [
      {
        "type": "Basic Auth Credentials",
        "filename": "dev/mf/tests/test_api_endpoints.py",
        "hashed_secret": "9fd32b9b5ebf62dffd6d4e35142f9a610019bc0f",
        "is_verified": false,
        "line_number": 18
      },
      {
        "type": "Secret Keyword",
        "filename": "dev/mf/tests/test_api_endpoints.py",
        "hashed_secret": "d033e22ae348aeb5660fc2140aec35850c4da997",
        "is_verified": false,
        "line_number": 59
      }
    ],
    "dev/mf/tests/test_mf_extraction_pipeline.py": [
      {
        "type": "Basic Auth Credentials",
        "filename": "dev/mf/tests/test_mf_extraction_pipeline.py",
        "hashed_secret": "9fd32b9b5ebf62dffd6d4e35142f9a610019bc0f",
        "is_verified": false,
        "line_number": 16
      }
    ],
    "dev/mf/tests/test_performance_benchmark.py": [
      {
        "type": "Basic Auth Credentials",
        "filename": "dev/mf/tests/test_performance_benchmark.py",
        "hashed_secret": "9fd32b9b5ebf62dffd6d4e35142f9a610019bc0f",
        "is_verified": false,
        "line_number": 45
      }
    ],
    "docker-compose.dev.yml": [
      {
        "type": "Secret Keyword",
        "filename": "docker-compose.dev.yml",
        "hashed_secret": "9fd32b9b5ebf62dffd6d4e35142f9a610019bc0f",
        "is_verified": false,
        "line_number": 8
      }
    ],
    "docker-compose.yml": [
      {
        "type": "Secret Keyword",
        "filename": "docker-compose.yml",
        "hashed_secret": "9fd32b9b5ebf62dffd6d4e35142f9a610019bc0f",
        "is_verified": false,
        "line_number": 8
      },
      {
        "type": "Secret Keyword",
        "filename": "docker-compose.yml",
        "hashed_secret": "d033e22ae348aeb5660fc2140aec35850c4da997",
        "is_verified": false,
        "line_number": 47
      },
      {
        "type": "Secret Keyword",
        "filename": "docker-compose.yml",
        "hashed_secret": "97cdbdc7feff827efb082a6b6dd2727237cd49fd",
        "is_verified": false,
        "line_number": 49
      }
    ],
    "docs/GMAIL_OAUTH_SETUP.md": [
      {
        "type": "Secret Keyword",
        "filename": "docs/GMAIL_OAUTH_SETUP.md",
        "hashed_secret": "4828aeee87a0527949cb106d4c50ae10fd333cef",
        "is_verified": false,
        "line_number": 53
      }
    ],
    "production/src/extractors/mf_extractor.py": [
      {
        "type": "Secret Keyword",
        "filename": "production/src/extractors/mf_extractor.py",
        "hashed_secret": "6b3173c1101e039f8de5cec408485a38a7666fb2",
        "is_verified": false,
        "line_number": 61
      }
    ],
    "production/src/extractors/mor_extractor.py": [
      {
        "type": "Secret Keyword",
        "filename": "production/src/extractors/mor_extractor.py",
        "hashed_secret": "79729dfead4c5d0a15db6c60b31dd72f79bec792",
        "is_verified": false,
        "line_number": 44
      }
    ],
    "verify_all_credentials.py": [
      {
        "type": "Secret Keyword",
        "filename": "verify_all_credentials.py",
        "hashed_secret": "6b3173c1101e039f8de5cec408485a38a7666fb2",
        "is_verified": false,
        "line_number": 25
      },
      {
        "type": "Secret Keyword",
        "filename": "verify_all_credentials.py",
        "hashed_secret": "79729dfead4c5d0a15db6c60b31dd72f79bec792",
        "is_verified": false,
        "line_number": 31
      },
      {
        "type": "Secret Keyword",
        "filename": "verify_all_credentials.py",
        "hashed_secret": "195ccb0299159a7d1212305a4f3645a516cb76ab",
        "is_verified": false,
        "line_number": 38
      },
      {
        "type": "Secret Keyword",
        "filename": "verify_all_credentials.py",
        "hashed_secret": "7a540f930473c33321ea411e3544cbd03af15fe4",
        "is_verified": false,
        "line_number": 44
      },
      {
        "type": "Secret Keyword",
        "filename": "verify_all_credentials.py",
        "hashed_secret": "ce651e281dd456694adeda30c4e126bdc9d2ea3a",
        "is_verified": false,
        "line_number": 51
      },
      {
        "type": "Secret Keyword",
        "filename": "verify_all_credentials.py",
        "hashed_secret": "da2abc78d3c967a8e92be42235d5de2e8a4466fb",
        "is_verified": false,
        "line_number": 58
      },
      {
        "type": "Secret Keyword",
        "filename": "verify_all_credentials.py",
        "hashed_secret": "e259f1204e30d1c907b0aebf67e2931062631ca6",
        "is_verified": false,
        "line_number": 64
      },
      {
        "type": "Secret Keyword",
        "filename": "verify_all_credentials.py",
        "hashed_secret": "085854d85852b180935624eb3186518bee919c04",
        "is_verified": false,
        "line_number": 70
      }
    ]
  },
  "generated_at": "2026-02-26T01:39:22Z"
}
